---
source: crates/monosecret_derive/src/tests.rs
expression: "arms[0].to_string()"
---
Profile :: Default => Ok (MonosecretProfile :: Default { api_key : secrets . get ("API_KEY") . ok_or_else (|| monosecret :: MonosecretError :: RequiredSecretMissing ("API_KEY" . to_string ())) ? . expose_secret () . to_string () , })
