---
source: crates/monosecret_derive/src/tests.rs
expression: snapshot
---
Profile '123invalid-profile' produces invalid Rust enum variant '123invalid-profile'
Secret '123invalid' in profile '123invalid-profile' produces invalid Rust field name '123invalid'
Secret 'fn' in profile '123invalid-profile' produces Rust keyword 'fn' as field name
