---
source: crates/monosecret/tests/cli_command_arms.rs
info:
  program: monosecret
  args:
    - "-f"
    - monosecret.toml
    - "--reason"
    - test
    - set
    - API_KEY
    - secret-value
    - "--provider"
    - local
---
success: true
exit_code: 0
----- stdout -----

----- stderr -----
✓ Secret 'API_KEY' saved to dotenv (profile: default)
