---
source: crates/monosecret/tests/cli_command_arms.rs
info:
  program: monosecret
  args:
    - "-f"
    - monosecret.toml
    - "--reason"
    - test
    - env
    - "--shell"
    - dotenv
    - "--provider"
    - local
    - "--output"
    - env.out
  env:
    HOME: /tmp/monosecret-cli-arms-env
---
success: true
exit_code: 0
----- stdout -----

----- stderr -----
