---
source: crates/monosecret/tests/cli_snapshots.rs
info:
  program: monosecret
  args:
    - "--reason"
    - test
    - env
    - "--shell"
    - dotenv
    - "--provider"
    - local
  env:
    HOME: /tmp/monosecret-cli-snapshots-env-dotenv
---
success: true
exit_code: 0
----- stdout -----
API_TOKEN="secret"
DATABASE_URL="postgres://localhost"

----- stderr -----
