---
source: crates/monosecret/tests/cli_command_arms.rs
info:
  program: monosecret
  args:
    - audit
    - "--project"
    - demo
    - "--action"
    - get
    - "--tail"
    - "1"
    - "--json"
  env:
    HOME: /tmp/monosecret-cli-arms-audit
    XDG_CONFIG_HOME: /tmp/monosecret-cli-arms-audit-config
---
success: true
exit_code: 0
----- stdout -----
{"action":"get","project":"demo","key":"C","outcome":"found","ts":"2026-01-03T00:00:00Z","profile":"default"}

----- stderr -----
