---
source: crates/monosecret/tests/cli_snapshots.rs
info:
  program: monosecret
  args:
    - "--reason"
    - test
    - get
    - DATABASE_URL
    - "--provider"
    - local
  env:
    HOME: /tmp/monosecret-cli-snapshots-get-secret-with-default
---
success: true
exit_code: 0
----- stdout -----
postgres://localhost/dev

----- stderr -----
