---
source: crates/monosecret/tests/manifest_cli.rs
expression: manifest
---
{
  "project": {
    "name": "demo",
    "revision": "1.0"
  },
  "profiles": {
    "default": {
      "secrets": {
        "OPTIONAL": {
          "required": false,
          "hasDefault": true,
          "asPath": false,
          "groups": []
        },
        "TOKEN": {
          "required": true,
          "hasDefault": false,
          "asPath": false,
          "groups": []
        }
      }
    }
  },
  "groups": {}
}
