---
source: crates/monosecret/tests/manifest_cli.rs
expression: manifest
---
{
  "groups": {},
  "profiles": {
    "default": {
      "secrets": {
        "OPTIONAL": {
          "asPath": false,
          "groups": [],
          "hasDefault": true,
          "required": false
        },
        "TOKEN": {
          "asPath": false,
          "groups": [],
          "hasDefault": false,
          "required": true
        }
      }
    }
  },
  "project": {
    "name": "demo",
    "revision": "1.0"
  }
}
