---
source: crates/monosecret/src/provider/dotenv.rs
expression: "fs::read_to_string(&env_file).unwrap()"
---
BACKSLASH="C:\\path\\to"
BACKSLASH_BEFORE_DOLLAR="a\\\$b"
BACKSLASH_BEFORE_QUOTE="a\\\"b"
DOLLAR_BRACED="literal \${VAR} not expanded"
DOLLAR_ONLY="\$"
DOLLAR_VAR="literal \$VAR not expanded"
EMPTY=""
EQUALS="k=v=more"
HASH="value with # not a comment"
LEADING_QUOTE="\"leading"
MIXED="a\\b\"c\$d\ne"
NEWLINE="line1\nline2"
PLAIN="hello world"
QUOTES="{\"a\":\"b\"}"
SINGLE_QUOTE="it's literal"
TRAILING_QUOTE="trailing\""
UNICODE="café — 🚀"
WHITESPACE_EDGES="  spaced  "
