---
source: crates/monosecret/src/provider/gcsm.rs
expression: errors
---
Provider operation failed: project contains invalid character '/'. Only alphanumeric characters, underscores, and hyphens are allowed
Provider operation failed: key contains invalid character ' '. Only alphanumeric characters, underscores, and hyphens are allowed
