---
source: crates/monosecret/src/audit.rs
expression: event
---
{
  "action": "run",
  "actor": {
    "is_agent": false,
    "user": "tester"
  },
  "command": "./deploy.sh",
  "id": "[event-id]",
  "keys": [
    "DATABASE_URL",
    "API_KEY"
  ],
  "outcome": "found",
  "profile": "production",
  "project": "demo",
  "seq": 0,
  "session_id": "test-session",
  "ts": "[timestamp]",
  "v": 1,
  "version": "0.0.0"
}
