---
source: crates/monosecret/src/config.rs
expression: json
---
{
  "groups": {},
  "profiles": {
    "default": {
      "secrets": {
        "TOKEN": {
          "asPath": true,
          "groups": [],
          "hasDefault": false,
          "required": true
        }
      }
    }
  },
  "project": {
    "name": "demo",
    "revision": "1.0"
  }
}
