---
source: crates/monosecret/src/audit.rs
assertion_line: 657
expression: event
---
{
  "action": "get",
  "actor": {
    "is_agent": false,
    "user": "tester"
  },
  "id": "[event-id]",
  "key": "DATABASE_URL",
  "outcome": "found",
  "profile": "production",
  "project": "demo",
  "provider": "vault://user@host/kv",
  "reason": "deploy web frontend",
  "ref": "item=database field=password",
  "seq": 0,
  "session_id": "test-session",
  "ts": "[timestamp]",
  "v": 1,
  "version": "[version]"
}
